09:45:39 **** Incremental Build of configuration Debug for project Startup-2024c ****
make -j8 all 
arm-none-eabi-gcc "../Core/Src/LED_Treiber.c" -mcpu=cortex-m4 -std=gnu11 -g3 -DDEBUG -DUSE_HAL_DRIVER -DSTM32F303xE -c -I../Core/Inc -I../Drivers/STM32F3xx_HAL_Driver/Inc -I../Drivers/STM32F3xx_HAL_Driver/Inc/Legacy -I../Drivers/CMSIS/Device/ST/STM32F3xx/Include -I../Drivers/CMSIS/Include -I../Middlewares/Third_Party/FreeRTOS/Source/include -I../Middlewares/Third_Party/FreeRTOS/Source/CMSIS_RTOS_V2 -I../Middlewares/Third_Party/FreeRTOS/Source/portable/GCC/ARM_CM4F -O0 -ffunction-sections -fdata-sections -Wall -fstack-usage -fcyclomatic-complexity -MMD -MP -MF"Core/Src/LED_Treiber.d" -MT"Core/Src/LED_Treiber.o" --specs=nano.specs -mfpu=fpv4-sp-d16 -mfloat-abi=hard -mthumb -o "Core/Src/LED_Treiber.o"
arm-none-eabi-gcc -o "Startup-2024c.elf" @"objects.list"   -mcpu=cortex-m4 -T"D:\Schule\Module\M246\Startup-2024c\STM32F303RETX_FLASH.ld" --specs=nosys.specs -Wl,-Map="Startup-2024c.map" -Wl,--gc-sections -static --specs=nano.specs -mfpu=fpv4-sp-d16 -mfloat-abi=hard -mthumb -Wl,--start-group -lc -lm -Wl,--end-group
Finished building target: Startup-2024c.elf
 
arm-none-eabi-size   Startup-2024c.elf 
arm-none-eabi-objdump -h -S  Startup-2024c.elf  > "Startup-2024c.list"
   text	   data	    bss	    dec	    hex	filename
  25764	    124	   8468	  34356	   8634	Startup-2024c.elf
Finished building: default.size.stdout
 
Finished building: Startup-2024c.list
 

09:45:41 Build Finished. 0 errors, 0 warnings. (took 2s.235ms)

